FILE: C:\Users\cyci_\OneDrive\Documents\rdychk\rdychk\app\group\[slug]\group-client.tsx
  Unexpected any. Specify a different type.
FILE: C:\Users\cyci_\OneDrive\Documents\rdychk\rdychk\app\page.tsx
  `'` can be escaped with `&apos;`, `&lsquo;`, `&#39;`, `&rsquo;`.
FILE: C:\Users\cyci_\OneDrive\Documents\rdychk\rdychk\components\ConnectionStatus.tsx
  `'` can be escaped with `&apos;`, `&lsquo;`, `&#39;`, `&rsquo;`.
FILE: C:\Users\cyci_\OneDrive\Documents\rdychk\rdychk\components\EditLocationModal.tsx
  Unexpected any. Specify a different type.
  `'` can be escaped with `&apos;`, `&lsquo;`, `&#39;`, `&rsquo;`.
  `'` can be escaped with `&apos;`, `&lsquo;`, `&#39;`, `&rsquo;`.
  `'` can be escaped with `&apos;`, `&lsquo;`, `&#39;`, `&rsquo;`.
FILE: C:\Users\cyci_\OneDrive\Documents\rdychk\rdychk\components\GroupHistoryModal.tsx
  `'` can be escaped with `&apos;`, `&lsquo;`, `&#39;`, `&rsquo;`.
FILE: C:\Users\cyci_\OneDrive\Documents\rdychk\rdychk\components\LocationCard.tsx
  Unexpected any. Specify a different type.
  Unexpected any. Specify a different type.
FILE: C:\Users\cyci_\OneDrive\Documents\rdychk\rdychk\components\ReadyButton.tsx
  Error: Calling setState synchronously within an effect can trigger cascading renders

Effects are intended to synchronize state between React and external systems such as manually updating the DOM, state management libraries, or other platform APIs. In general, the body of an effect should do one or both of the following:
* Update external systems with the latest state from React.
* Subscribe for updates from some external system, calling setState in a callback function when external state changes.

Calling setState synchronously within an effect body causes cascading renders that can hurt performance, and is not recommended. (https://react.dev/learn/you-might-not-need-an-effect).

C:\Users\cyci_\OneDrive\Documents\rdychk\rdychk\components\ReadyButton.tsx:26:13
  24 |     useEffect(() => {
  25 |         if (!timerEndTime || optimisticIsReady) {
> 26 |             setTimeLeft(null);
     |             ^^^^^^^^^^^ Avoid calling setState() directly within an effect
  27 |             setIsSoonReady(false);
  28 |             return;
  29 |         }
FILE: C:\Users\cyci_\OneDrive\Documents\rdychk\rdychk\components\auth-button.tsx
  Error: Calling setState synchronously within an effect can trigger cascading renders

Effects are intended to synchronize state between React and external systems such as manually updating the DOM, state management libraries, or other platform APIs. In general, the body of an effect should do one or both of the following:
* Update external systems with the latest state from React.
* Subscribe for updates from some external system, calling setState in a callback function when external state changes.

Calling setState synchronously within an effect body causes cascading renders that can hurt performance, and is not recommended. (https://react.dev/learn/you-might-not-need-an-effect).

C:\Users\cyci_\OneDrive\Documents\rdychk\rdychk\components\auth-button.tsx:35:13
  33 |     useEffect(() => {
  34 |         if (profile?.is_inferred) {
> 35 |             setShowProfileModal(true);
     |             ^^^^^^^^^^^^^^^^^^^ Avoid calling setState() directly within an effect
  36 |         }
  37 |     }, [profile]);
  38 |
FILE: C:\Users\cyci_\OneDrive\Documents\rdychk\rdychk\components\auth-modal.tsx
  Error: Calling setState synchronously within an effect can trigger cascading renders

Effects are intended to synchronize state between React and external systems such as manually updating the DOM, state management libraries, or other platform APIs. In general, the body of an effect should do one or both of the following:
* Update external systems with the latest state from React.
* Subscribe for updates from some external system, calling setState in a callback function when external state changes.

Calling setState synchronously within an effect body causes cascading renders that can hurt performance, and is not recommended. (https://react.dev/learn/you-might-not-need-an-effect).

C:\Users\cyci_\OneDrive\Documents\rdychk\rdychk\components\auth-modal.tsx:29:9
  27 |
  28 |     useEffect(() => {
> 29 |         setOrigin(window.location.origin);
     |         ^^^^^^^^^ Avoid calling setState() directly within an effect
  30 |     }, []);
  31 |
  32 |     useEffect(() => {
